// Vitest Snapshot v1, https://vitest.dev/guide/snapshot.html

exports[`format/obj-actors/object-expressions.mo > prints as snapshotted 1`] = `
"// Object, module, actor and class bodies, and the anonymous \`object { ... }\` / \`actor { ... }\`
// expressions. \`obj_body\` recurses, so each nesting level is deliberate.
let anon = object { public let x = 1; public func f() : Nat { 1 }; };
let anonEmpty = object {};
let actorExp = actor {
  public func f() : Nat { 1 };
  public func g() : Nat { 2 };
};
let annotated = actor : actor { f : () -> async Nat } {
  public func f() : async Nat { 1 };
};
module Inner { public let g = 1; };
object Named { public func h() : Nat { 1 }; };
class Klass(x : Nat) { public let v = x; public func get() : Nat { v }; };
shared actor class Boxed<T>(init : T) {
  public var value = init;
  public func set(v : T) : () { value := v };
};
let mix = mixin (y : Nat) { public let m = y; };
actor Palindrome {};
"
`;

exports[`format/obj-actors/object-patterns-and-fields.mo > prints as snapshotted 1`] = `
"// \`obj_pat\` and the four field forms, which are the token-level shape of every body above.
// \`dec_field\` attaches a visibility and stability; \`exp_field\` carries the mutable \`var\` and the
// rename form; \`val_tf\`/\`func_tf\`/\`typ_tf\` are the object-type fields; \`val_pat_field\` and
// \`typ_pat_field\` are the pattern fields.
object Fields {
  public let a = 1;
  private let hidden = 0;
  public var b = 2;
  public let renamed = { newX = a; var y = b };
  public func method() : Nat { a };
};
func take({ x; y = renamed } : { x : Nat; y : Nat }) : Nat { x };
func annotated({ a : Nat } : { a : Nat }) : Nat { a };
"
`;

exports[`format/obj-actors/object-types.mo > prints as snapshotted 1`] = `
"// Object types (\`obj_typ\`), which the decision table puts in the plain \`semi_sep\` row, and the
// variant type (\`variant_typ\`, \`semi_sep1\`) it shares a shape with.
type Simple = { x : Nat; y : Text };
type Method = { f : () -> async Nat };
type Mutable = { var x : Nat };
type TypeField = { type U = Nat; x : U };
type Nested = { inner : { deep : { x : Nat } } };
type CarInfo = {
  model : Text;
  plate : Text;
  isValid : Bool;
  wasStolen : Bool;
  expires : Nat
};
type WithParams = { f<A>(a : A) : A };
type Result = { #ok : Nat; #error : Text };
type Status = { #Active; #Inactive; #Banned : Text };
type Arrow = { x : Nat } -> Nat;
"
`;

exports[`format/obj-actors/record-literals.mo > prints as snapshotted 1`] = `
"// Records: the plain form, the shorthand, the mutable field, the rename.
//
// Input is deliberately NOT canonical, so the fixture shows the printer moving it: the first
// record is broken in the source and must collapse, the wide one is one line in the source and
// must break.
let simple = { a = 1; b = 2 };
let shorthand = { a; b };
let renamed = { newX = x; y };
let mutable = { x = 1; var y = 2 };
let nested = { outer = { inner = { deep = 1 } } };
let wide = {
  alpha = 1;
  beta = 2;
  gamma = 3;
  delta = 4;
  epsilon = 5;
  zeta = 6;
  eta = 7
};
let broken = { a = 1; b = 2; };
let trailing = { a = 1; };
"
`;

exports[`format/obj-actors/record-update.mo > prints as snapshotted 1`] = `
"// The \`... with ...\` record-literal form (\`semi_sep1\` per the decision table).
//
// The prelude is \`exp_post (and exp_post)* with\`, then the fields. \`and\`-only has no \`with\` and
// no fields; the printer must keep that shape too.
module M { public let u = 25; };
let a = { x = 1 };
let base = { b = 6 };
let extended = { a and M };
let withOnly = { base with x = 2 };
let withAnd = { a and M with u = 1 };
let nestedBase = { { c = "C"; d = "D" } with a = 8; b = 6 };
let wide = {
  veryLongBaseNameHere
  with
  alpha = 1;
  beta = 2;
  gamma = 3;
  delta = 4;
  epsilon = 5
};
"
`;
