// Vitest Snapshot v1, https://vitest.dev/guide/snapshot.html

exports[`format/control-flow/switch-case.mo > prints as snapshotted 1`] = `
"/**
 * \`switch\`/\`case\`: where a broken switch puts its arms.
 *
 * Every case here is written so that the *source's own* layout is not the one the rule asks for, and
 * the first section is the one that mattered: written flat and over \`printWidth\`, the switch used to
 * break inside the \`case (\` — because the arm's pattern is a \`tup_pat\` owning a \`comma_sep\` list, and
 * that list was the only break candidate under the enclosing node. The arms never got a line of their
 * own, and no gate in this repo could see it: \`verify.ts\` compares token texts, and
 * \`switch (x) { case (\\n #a\\n) e }\` has exactly the same tokens as the flat spelling.
 *
 * The shape the snapshot should show is \`docs/style.md\` §"Switch / case layout": one \`case\` per line
 * when the switch breaks, arms indented one level, and the arm body hugging \`case p { e }\`.
 *
 * ## Two different \`;\`s, and both are tested below
 *
 * A bare \`switch\` at the top level is an \`exp_dec\`, and the grammar requires a \`;\` between two of
 * them — that is the *statement* terminator, and it is the same rule as anywhere else. Inside the
 * braces there is a second, unrelated \`;\`: the source's own arm separator, which \`preserve\`
 * reproduces and never chooses. The cases that write both are marked, because reading one as the
 * other is the easy mistake here.
 */

// Over \`printWidth\` at 80, so the arms must take a line each. Before this area printer existed this
// broke inside \`case (\` on every arm — see the header.
switch (someLongScrutineeExpressionHere) {
  case (#alphaVariant) alphaBetaGammaDeltaEpsilonZetaEtaThetaIotaKappaLambda;
  case (#betaVariant) alphaBetaGammaDeltaEpsilonZetaEtaThetaIotaKappaLambda;
  case (_) alphaBetaGammaDeltaEpsilonZetaEtaThetaIotaKappaLambda
};

// A switch that fits stays on one line, which \`docs/style.md\` explicitly allows — \`line\` flattens to
// a space, so the one Doc gives both layouts and the rule needs no \`ifBreak\`.
switch (mode) { case #up { +1 }; case #dn { -1 } };

// The scrutinee's own parens are the source's, not the printer's: §"Switch / case layout" keeps them
// as written, so a paren-free scrutinee stays paren-free.
switch x { case (#a) 1 };

// An arm whose body has no break point of its own puts its break between the pattern and the body —
// the "indented one more level" half of the rule. The pattern itself stays flat, which is the point:
// before the arm owned a break, the only thing that could give was the \`tup_pat\` around it.
switch (someLongScrutineeExpressionHere) {
  case (#a)
    alphaBetaGammaDeltaEpsilonZetaEtaThetaIotaKappaLambdaMuNuXiOmicronPiRhoSigma;
  case (_) 2
};

// Both \`;\`s at once: the arm separator after \`2\` is inside the braces, and the statement terminator
// is the one after \`}\`. The source's arm separator is a real child token, so it is reproduced exactly
// and never chosen — \`.probe/_switchsemi.mts\` measures that the two spellings have different shapes.
switch (x) { case (#a) 1; case (_) 2; };

// No trailing arm separator in the source, none in the output: the same rule, the other direction.
// The \`;\` here is only the statement terminator.
switch (x) { case (#a) 1; case (_) 2 };

// A body that can break *internally* hugs \`case p { e }\` and takes its break inside itself — the
// guide's own shape. This is the half that shows why the arm does *not* emit its break
// unconditionally: doing that would orphan the \`{\` on a line of its own, which is neither form the
// guide allows.
switch (x) {
  case (#alphaVariant) {
    alphaBetaGammaDeltaEpsilonZetaEtaThetaIotaKappaLambdaMuNuXi1
  };
  case (#betaVariant) {
    alphaBetaGammaDeltaEpsilonZetaEtaThetaIotaKappaLambdaMuNuXi2
  }
};

// The case that decides *how* "can break internally" is tested, and the one a narrower test gets
// wrong. A nested \`switch\` is not a list, but it is a body with a break of its own to give — so it
// hugs, exactly as the block above does, with its arms one level deeper than the outer arm. The
// first draft asked \`listOf(body) !== null\`, which missed this and printed the inner \`switch\` on a
// line of its own with the arm orphaned above it.
switch (a) {
  case (#VCon (tag, args)) switch tag {
    case "0" b;
    case _ { assert false; #VInt 0 }
  };
  case _ { assert false; #VInt 0 }
};
"
`;

exports[`format/expressions/binary-chains.mo > prints as snapshotted 1`] = `
"/**
 * Binary chains: the rule \`docs/style.md\` states, and the two operators that opt out of it.
 *
 * Every chain here is written *flat* in the source and does not fit \`printWidth\` at 80 once the
 * printer has chosen where to break, so the snapshot records the break direction rather than the
 * source's own layout. That is the point of the area: the source-gap printer a chain falls back to
 * reproduces the source's *spaces*, and a space never breaks, so before this area printer existed
 * every one of these stayed on one over-long line.
 *
 * The last section is the interesting half. \`#\` and the §2.7 indivisible set must not trail a line,
 * so their chains refuse to break at all and fall back to the long line — the comment on each
 * records which gate is blind to why.
 */

let arithmetic = alphaBetaGamma +
  deltaEpsilonZeta +
  etaThetaIota +
  kappaLambdaMu;

let mixedPrecedence = alphaBetaGamma +
  deltaEpsilonZeta *
  etaThetaIota -
  kappaLambdaMu;

let booleanChain = alphaBetaGamma and
  deltaEpsilonZeta or
  etaThetaIota and
  kappaLambdaMu;

let comparisonChain = alphaBetaGamma ==
  deltaEpsilonZeta or
  etaThetaIota <
  kappaLambdaMu;

// A chain that fits stays flat, because \`line\` flattens to a single space and the flat form is
// exactly the source's own spacing. This is the half that the runtime guard can see.
let short = a + b + c;

// A one-operator chain still breaks: \`dao.mo\` in the corpus is the counter-example that removed
// the first draft's two-operator minimum.
let single = proposal_submission_deposit_e8s +
  system_params_reserve_e8s_plus_more;

// \`|>\` breaks *before* each operator, the opposite direction to every chain above.
let pipeline = [1, 2, 3]
  |> Array.map(func(x : Nat) : Nat { x + 1 })
  |> Array.filter(func x { x > 1 })
  |> Array.size;

// A comment inside a \`bin_op\` is not flattenable, so the whole chain falls back to the source-gap
// printer rather than being printed with the comment dropped.
let withComment = alphaBetaGamma + // keep me
    deltaEpsilonZeta;

// \`#\` must not end a line: a tight \`#\` is a variant tag and a spaced \`#\` is concatenation, so a
// break beside it is a role change. moc 1.16.0 accepts the break, and tree-sitter reports SAME for
// all three spellings, so only the printer can refuse it — the line stays long on purpose.
let concatStaysLong = alphaBetaGammaDelta # deltaEpsilonZetaEta # thetaIotaKappaLambda;

// §2.7: a shift is one token, so it never trails a line either — same refusal, same reason.
let shiftStaysLong = aaaaaaaabbbbbbbb >> ccccccccdddddddd;
"
`;

exports[`format/obj-actors/object-expressions.mo > prints as snapshotted 1`] = `
"// Object, module, actor and class bodies, and the anonymous \`object { ... }\` / \`actor { ... }\`
// expressions. \`obj_body\` recurses, so each nesting level is deliberate.
//
// A plain \`actor { ... }\` declaration is \`obj_dec\` + \`obj_body\`, NOT \`actor_exp\`; \`actor_exp\` is
// only reachable when the operand is a non-body expression (\`actor (x)\`, \`actor "aaaa-aa"\`).
// \`system_exp\` is only reachable as a \`system func\` inside a body. Neither is a \`{}\` list.
let anon = object { public let x = 1; public func f() : Nat { 1 } };
let anonEmpty = object {};
let actorExp = actor {
  public func f() : Nat { 1 };
  public func g() : Nat { 2 };
};
let annotated = actor : actor { f : () -> async Nat } {
  public func f() : async Nat { 1 };
};
module Inner { public let g = 1 };
object Named { public func h() : Nat { 1 } };
class Klass(x : Nat) { public let v = x; public func get() : Nat { v } };
shared actor class Boxed<T>(init : T) {
  public var value = init;
  public func set(v : T) : () { value := v };
};
let mix = mixin (y : Nat) { public let m = y };
actor Palindrome {};
"
`;

exports[`format/obj-actors/object-patterns-and-fields.mo > prints as snapshotted 1`] = `
"// \`obj_pat\` and the four field token shapes that every body above is made of: \`dec_field\`
// attaches a visibility/stability to a declaration, \`exp_field\` carries the mutable \`var\` and
// the rename form, \`val_tf\`/\`func_tf\`/\`typ_tf\` are the object-type fields, and \`val_pat_field\`
// is the object-pattern field. (There is no \`var_tf\` kind: a mutable object-type field is a
// \`val_tf\` whose first token is \`var\`.)
//
// The record-literal and object-type inner spacing is left as the source wrote it — see
// \`docs/style.md\` conflict ruling 1, \`bracketSpacing\`, which is inert under \`preserve\`.
object Fields {
  public let a = 1;
  private let hidden = 0;
  public var b = 2;
  public let renamed = { newX = a; var y = b };
  public func method() : Nat { a };
};
func take({ x; y = renamed } : { x : Nat; y : Nat }) : Nat { x };
func annotated({ a : Nat } : { a : Nat }) : Nat { a };

// \`with\`-form records nest, and the nested base is itself a list that recurses.
let outer = { { p = 1 } with q = 2 };
"
`;

exports[`format/obj-actors/object-types.mo > prints as snapshotted 1`] = `
"// Object types (\`obj_typ\`), which the decision table puts in the plain \`semi_sep\` row, and
// \`variant_typ\`, which shares the braces and the \`;\` but is the \`semi_sep1\` row. Both are the
// same list contract in code: \`docs/style.md\` says the two rows "print identically", so the
// family is recorded for fidelity and nothing branches on it.
//
// \`wide\` is one line in the source and must break; the rest fit and stay flat.
type Simple = { x : Nat; y : Text };
type Method = { f : () -> async Nat };
type Mutable = { var x : Nat };
type TypeField = { type U = Nat; x : U };
type Nested = { inner : { deep : { x : Nat } } };
type WithParams = { f<A>(a : A) : A };
type Result = { #ok : Nat; #error : Text };
type Status = { #Active; #Inactive; #Banned : Text };
type Arrow = { x : Nat } -> Nat;
type Wide = {
  model : Text;
  plate : Text;
  isValid : Bool;
  wasStolen : Bool;
  expires : Nat
};
"
`;

exports[`format/obj-actors/record-literals.mo > prints as snapshotted 1`] = `
"// Records: the plain form, the shorthand, the mutable field, the rename.
//
// The input is deliberately not canonical, so the fixture shows the printer moving it:
// \`collapsed\` is broken in the source and fits on one line, \`wide\` is one line in the source
// and overflows \`printWidth\` so it must break. \`trailing\` pins the rule that a trailing \`;\`
// is reproduced from the source rather than invented or dropped.
let collapsed = { a = 1; b = 2; };
let shorthand = { a; b };
let renamed = { newX = x; y };
let mutable = { x = 1; var y = 2 };
let nested = { outer = { inner = { deep = 1 } } };
let wide = {
  alpha = 1;
  beta = 2;
  gamma = 3;
  delta = 4;
  epsilon = 5;
  zeta = 6;
  eta = 7
};
let trailing = { a = 1; };
"
`;

exports[`format/obj-actors/record-update.mo > prints as snapshotted 1`] = `
"// The \`... with ...\` record-literal form, which \`parts.ts:listOf\` resolves to \`semi_sep1\` by
// instance (the node carries a \`with\` token). The \`and\`-only form has no \`with\` and stays
// \`semi_sep\`. Both print identically under \`preserve\`, because the trailing separator is
// reproduced from the source rather than chosen by the family — the family is fidelity to the
// decision table, not a behaviour switch.
//
// The prelude words (\`and\`, \`with\`) are ordinary list items: \`parts.ts:isItem\` only excludes
// separators and delimiters, so they are printed in source order between the base expressions
// and the fields.
module M { public let u = 25; };
let a = { x = 1 };
let base = { b = 6 };
let andOnly = { a and M };
let withOnly = { base with x = 2 };
let andWith = { a and M with u = 1 };
let nestedBase = { { c = "C"; d = "D" } with a = 8; b = 6 };
let wide = {
  veryLongBaseNameHere
  with
  alpha = 1;
  beta = 2;
  gamma = 3;
  delta = 4;
  epsilon = 5
};
"
`;
