// Vitest Snapshot v1, https://vitest.dev/guide/snapshot.html

exports[`format/comments/separator-seams.mo > prints as snapshotted 1`] = `
"/**
 * Comments sitting on the *separator seam* of a list: a \`//\` that is itself a list item, or the item
 * immediately before a list's own \`;\`/\`,\`.
 *
 * This fixture is a correctness fixture, not a style one. Every case in it used to make the printer
 * **throw**, and it threw on input \`moc\` accepts — so the printer could not format a file the
 * compiler builds. That is the same failure class as \`angle-lists.mo\`'s \`trailingComment\`, with the
 * same mechanism, one item earlier in the list.
 *
 * ## The mechanism, once
 *
 * \`commentDoc\` is \`[verbatim(node), breakParent]\` (walk.ts). A line comment's text is therefore
 * already terminated by a forced break, and anything the printer appends *after* that doc lands
 * inside the comment, because a \`//\` runs to the newline. The old code appended the separator after
 * the item:
 *
 *     f(a // c
 *     , b);          ->   f(
 *                           a
 *                           // c,        <- the comma is inside the comment
 *                           b
 *                         );
 *
 * The separator is gone, the guard re-parses, sees a different tree, and refuses. So the fix is
 * ordering: for a comment, the break goes **first** and the separator **after** it, which is the only
 * spelling that ends the comment before the separator.
 *
 * ## The comment stays on the line the author put it on
 *
 * Ordering alone leaves one more question — where the comment itself goes — and the answer is the
 * source's. A comment the source wrote at the end of \`a\`'s line (\`a // c\`) stays there, and the
 * separator leads the next line; a comment the source wrote on a line of its own is left there. That
 * is what \`docs/style.md\`'s fence shows (\`a = 1; // first\` stays glued) and what 0.13.0 did: a
 * trailing comment is *attached* to the item before it, and detaching it is churn the style does not
 * ask for. So the seam checks the comment's own gap — no newline before it means the source wrote it
 * on the previous item's line — and glues rather than breaks when that is what the source did.
 *
 * The two are independent, which is why both are pinned below: the *separator's* place follows from
 * the comment being an item that would swallow it, and the *comment's* place follows from the source.
 * A block comment is forced open by its \`breakParent\` like any other, so the fixture's \`block\` case
 * breaks the list too — that is the group rule, not the separator rule.
 *
 * ## Why a line-leading separator is not a hack
 *
 * \`,\` and \`;\` on a line of their own are ordinary Motoko, and the corpus writes them —
 * \`../motoko/test/repl/lib/type-lub.mo\` leads seven lines with \`,\`. moc accepts both spellings, and
 * the outputs below are checked against it rather than assumed: each is printed, written to a file,
 * and fed to \`/tmp/moctar/moc -dp\` (\`.probe/_moccheck.mts\`), whose report is grepped for
 * \`syntax error\` — **not** read from its exit code. The distinction is load-bearing here and was got
 * wrong once: these cases are fragments, so moc fails name resolution on them and exits 1 whether or
 * not the separator is spelled right. ON THE INPUT the fix replaced — the comma inside the comment,
 * \`f(\\n  a // c,\\n  b\\n)\` — moc reports **zero syntax errors too**, and exits 1 for the same
 * name-resolution reason. That is exactly why this bug needed no compiler to find and is a guard
 * catch rather than a moc catch: the mis-spelling parses, it just means a different tree, so
 * \`verify.ts\`'s re-parse comparison is the only thing that can see it. The grep is what separates
 * "accepted" from "accepted as something else".
 *
 * ## The cases are the three sites the rule reaches
 *
 *  - a **list** separator (\`betweenSeparator\`) — \`par_exp\`, \`array_exp\`, and the two angle families,
 *  - the **last** item's separator (\`trailingSeparator\`) — \`f(a, b // c)\` spelled with a comma,
 *  - a **source-file** separator (\`sourceFileDoc\`) — where a comment is an item in its own right, so
 *    \`let o = 1 // c\` / \`;\` puts the \`;\` in exactly the same seam.
 *
 * The last one is why \`sourceFileDoc\` routes through \`trailingSeparator\` at all rather than emitting
 * its \`;\` directly: a file is a \`semi_sep\` list, and this is the one input where that shows.
 */

// A comment as a non-last item, with the source's comma after it. The ordinary case, and the one the
// old code got wrong most visibly: the list is forced broken by the comment, so the separator has to
// lead its own line. The comment itself stays on \`a\`'s line, because that is where the source put it.
let parExp = f(
  a // c
  ,
  b
);

// The same seam in a bracket list. \`array_exp\` is the other \`comma_sep\` family, and it is listed
// separately from \`par_exp\` in \`parts.ts\` so the rule is pinned twice.
let arrayExp = [
  a // c
  ,
  b
];

// A comment as the *last* item, with a trailing comma after it. \`trailingSeparator\` used to emit the
// comma after the comment's forced break, exactly as \`betweenSeparator\` did, and swallow it the same
// way. Only the separated case is affected: an unseparated last item emits \`''\` and has nothing to
// swallow, which is why this is narrow.
let trailingComma = f(
  a
  // c
  ,
);

// The file-level seam. Here the comment is not inside a list at all — it is a \`source_file\` item, and
// the \`;\` is *its* separator rather than the preceding declaration's. \`let o = 1 // c\` puts the \`;\` on
// the next line, which makes it the comment's, and the old \`sourceFileDoc\` emitted it directly into
// the comment.
let fileSeam = 1 // c
;

// The angle families carry the same rule and an additional hazard: the close is \`closeGlued\`, so a
// comment as the *last* item also has to drop the glue and precede the \`>\`. That last-item case is
// \`angle-lists.mo\`'s and is fixed there. This is the non-last case, where the comma is the problem
// and the glue is not yet involved.
//
// It is an \`inst\` rather than a \`typ_params\` for a reason that is moc's rather than the printer's: a
// comment inside a \`typ_params\` is a syntax error for moc no matter where the comma goes (measured —
// both spellings report one), which is the same asymmetry \`angle-lists.mo\` records in
// \`TrailingCommentInParameters\`. So a \`typ_params\` version of this case could not be a fixture
// asserting the printer formats *valid* Motoko, because the input is not valid Motoko. \`inst\` is the
// family that accepts the comment, so \`inst\` is where the rule is pinned from the outside.
let angleSeam = L.make<
  A // c
  ,
  B>();

// The attachment rule on its own, with no separator in the seam to confuse it. The two declarations
// differ only in where the author wrote the comment, and the printer reproduces that difference rather
// than picking one: \`preserve\`'s job is to change layout, not to move a comment the source placed.
// \`angle-lists.mo\` pins the same pair one item later, in the \`closeGlued\` seam.
let attachedComment = f(
  a,
  b // trailing
);
let ownLineComment = f(
  a,
  // own line
  b
);

// A block comment takes the other branch of the *attachment* rule and the same branch of the group
// rule. Its \`breakParent\` forces the list open exactly as a line comment's does — the group rule does
// not care which comment kind it is — but it stays glued to \`a\`, because that is where the source
// wrote it, and the separator after it is already outside the comment. This pair with the first case
// is the point of the rule keying on the comment's *kind*: \`willBreak\` is also true for an item that
// merely *contains* a comment, and moving the separator for one of those would detach the comma from
// its own item — a rewrite the guard would catch, and worse output than the bug it fixed.
let blockCommentUnaffected = f(
  a /* c */,
  b
);
"
`;

exports[`format/control-flow/switch-case.mo > prints as snapshotted 1`] = `
"/**
 * \`switch\`/\`case\`: where a broken switch puts its arms.
 *
 * Every case here is written so that the *source's own* layout is not the one the rule asks for, and
 * the first section is the one that mattered: written flat and over \`printWidth\`, the switch used to
 * break inside the \`case (\` — because the arm's pattern is a \`tup_pat\` owning a \`comma_sep\` list, and
 * that list was the only break candidate under the enclosing node. The arms never got a line of their
 * own, and no gate in this repo could see it: \`verify.ts\` compares token texts, and
 * \`switch (x) { case (\\n #a\\n) e }\` has exactly the same tokens as the flat spelling.
 *
 * The shape the snapshot should show is \`docs/style.md\` §"Switch / case layout": one \`case\` per line
 * when the switch breaks, arms indented one level, and the arm body hugging \`case p { e }\`.
 *
 * ## Two different \`;\`s, and both are tested below
 *
 * A bare \`switch\` at the top level is an \`exp_dec\`, and the grammar requires a \`;\` between two of
 * them — that is the *statement* terminator, and it is the same rule as anywhere else. Inside the
 * braces there is a second, unrelated \`;\`: the source's own arm separator, which \`preserve\`
 * reproduces and never chooses. The cases that write both are marked, because reading one as the
 * other is the easy mistake here.
 */

// Over \`printWidth\` at 80, so the arms must take a line each. Before this area printer existed this
// broke inside \`case (\` on every arm — see the header.
switch (someLongScrutineeExpressionHere) {
  case (#alphaVariant) alphaBetaGammaDeltaEpsilonZetaEtaThetaIotaKappaLambda;
  case (#betaVariant) alphaBetaGammaDeltaEpsilonZetaEtaThetaIotaKappaLambda;
  case (_) alphaBetaGammaDeltaEpsilonZetaEtaThetaIotaKappaLambda
};

// A switch that fits stays on one line, which \`docs/style.md\` explicitly allows — \`line\` flattens to
// a space, so the one Doc gives both layouts and the rule needs no \`ifBreak\`.
switch (mode) { case #up { +1 }; case #dn { -1 } };

// The scrutinee's own parens are the source's, not the printer's: §"Switch / case layout" keeps them
// as written, so a paren-free scrutinee stays paren-free.
switch x { case (#a) 1 };

// An arm whose body has no break point of its own puts its break between the pattern and the body —
// the "indented one more level" half of the rule. The pattern itself stays flat, which is the point:
// before the arm owned a break, the only thing that could give was the \`tup_pat\` around it.
switch (someLongScrutineeExpressionHere) {
  case (#a)
    alphaBetaGammaDeltaEpsilonZetaEtaThetaIotaKappaLambdaMuNuXiOmicronPiRhoSigma;
  case (_) 2
};

// Both \`;\`s at once: the arm separator after \`2\` is inside the braces, and the statement terminator
// is the one after \`}\`. The source's arm separator is a real child token, so it is reproduced exactly
// and never chosen — \`.probe/_switchsemi.mts\` measures that the two spellings have different shapes.
switch (x) { case (#a) 1; case (_) 2; };

// No trailing arm separator in the source, none in the output: the same rule, the other direction.
// The \`;\` here is only the statement terminator.
switch (x) { case (#a) 1; case (_) 2 };

// A body that can break *internally* hugs \`case p { e }\` and takes its break inside itself — the
// guide's own shape. This is the half that shows why the arm does *not* emit its break
// unconditionally: doing that would orphan the \`{\` on a line of its own, which is neither form the
// guide allows.
switch (x) {
  case (#alphaVariant) {
    alphaBetaGammaDeltaEpsilonZetaEtaThetaIotaKappaLambdaMuNuXi1
  };
  case (#betaVariant) {
    alphaBetaGammaDeltaEpsilonZetaEtaThetaIotaKappaLambdaMuNuXi2
  }
};

// The case that decides *how* "can break internally" is tested, and the one a narrower test gets
// wrong. A nested \`switch\` is not a list, but it is a body with a break of its own to give — so it
// hugs, exactly as the block above does, with its arms one level deeper than the outer arm. The
// first draft asked \`listOf(body) !== null\`, which missed this and printed the inner \`switch\` on a
// line of its own with the arm orphaned above it.
switch (a) {
  case (#VCon (tag, args)) switch tag {
    case "0" b;
    case _ { assert false; #VInt 0 }
  };
  case _ { assert false; #VInt 0 }
};
"
`;

exports[`format/expressions/angle-lists.mo > prints as snapshotted 1`] = `
"/**
 * Angle lists: \`typ_params\` and \`inst\`, and the one item glue cannot be trusted with.
 *
 * Both families are \`closeGlued\` — the closing \`>\` is never preceded by a break, not even a
 * \`softline\` that flattens to nothing — because moc's lexer reads a \`>\` with whitespace on both
 * sides as \`GTOP\` rather than a close, so a broken \`>\` stops being a closing angle bracket. That
 * rule is \`docs/style.md\`'s and this fixture is where it is pinned from the outside.
 *
 * ## The last section is the bug this fixture exists for
 *
 * A **line comment** as the list's last item is the single case glue gets wrong, and it got it wrong
 * silently until now: \`commentDoc\` forces the group open, so the list is always printed broken, and
 * the glue then attached the \`>\` to the comment's own text — \`// c>\` — which drops the close
 * entirely. \`src/verify.ts\` caught it on re-parse, so the file was never *written* wrong; the printer
 * threw instead, and it threw on input moc accepts:
 *
 *     let x = L.make<
 *       Nat,
 *       Int // c
 *     >();
 *
 * That is \`inst: trailing comment\` below, and it is the case that makes the exception a correctness
 * fix rather than a taste. There is no join that works: glue puts the \`>\` inside the comment, and a
 * space leaves the \`>\` inside it too, because a line comment runs to the newline. The close goes on
 * its own line, which is the only spelling that ends the comment first.
 *
 * A **block** comment is not the same case and stays glued — it ends at its own delimiter rather
 * than at the newline, so the \`>\` after it is outside. \`blockCommentStaysGlued\` is that pair.
 *
 * ## Why every case is bound with \`let\` or \`type\`
 *
 * Same reason as \`member-chains.mo\`: a bare expression would be an \`exp_dec\` whose \`;\` is a
 * source-file sibling, and the fixture would then be asserting a token it did not mean to test.
 */

// Fits, so the angles stay flat and the close is glued to the last argument — the ordinary case the
// \`closeGlued\` flag is written for.
let fitsFlat = L.make<Nat, Int>();

// Over \`printWidth\`, so the list breaks: one argument per line, and the \`>\` glued to the last one
// rather than broken onto a line of its own, which is the rule this family exists to enforce.
let breaksWithCloseGlued = someLongReceiverNameHere.methodName<
  SomeLongTypeArgumentName,
  AnotherLongTypeArgumentName>(anArgument);

// The same shape as a type parameter list. \`typ_params\` carries the identical \`closeGlued\` rule, and
// the two families are listed separately in \`parts.ts\`'s table precisely so this can be pinned twice.
type LongTypeParameters<
  SomeLongTypeParameterName,
  AnotherLongTypeParameterName,
  AThirdLongOne> = SomeLongTypeParameterName;

// The trailing line comment — the crash. \`moc 1.16.0\` accepts the input, so a printer that refuses it
// cannot format a file the compiler builds. The close takes a line of its own and the \`>\` is outside
// the comment; \`// c\` is not swallowed and neither is the \`>\`.
let trailingComment = L.make<
  Nat,
  Int // c
>();

// A line comment in the *middle* of the list is a different question and never needed the exception:
// the comment is not last, so the glue is not what the close follows. It breaks to its own line at
// the list's indent and the following argument continues after it.
let middleComment = L.make<
  Nat, // c
  Int>();

// A block comment as the last item stays glued. This is the pair to \`trailingComment\`: the same
// position and the opposite answer, and the reason is where the comment ends — at its own delimiter
// rather than at the newline — so the \`>\` is already outside it.
let blockCommentStaysGlued = L.make<
  Nat,
  Int /* c */>();

// The same seam in a \`typ_params\`, where moc is stricter about a trailing comment than it is for
// \`inst\`: this exact input is a syntax error for moc, so the printer's job is only to keep the
// tokens in the same order and let the guard compare trees. Recorded so the asymmetry is visible
// rather than looking like an oversight in the case above. \`_moccheck.mts\` reports this file with
// exactly one moc error *in* and one *out*, which is this declaration in both — the fixture is not
// introducing a parse problem moc did not already have.
type TrailingCommentInParameters<
  A,
  B // c
> = A;

// Below \`printWidth\` after breaking, so the group's fit check settles it and the close stays glued
// even though the source was written with the \`>\` on its own line — the flag overriding the source's
// own layout, which is visible churn this area is allowed to produce because a broken \`>\` is not
// parseable in the first place.
type ShortParameters<A, B> = A;
"
`;

exports[`format/expressions/binary-chains.mo > prints as snapshotted 1`] = `
"/**
 * Binary chains: the rule \`docs/style.md\` states, and the two operators that opt out of it.
 *
 * Every chain here is written *flat* in the source and does not fit \`printWidth\` at 80 once the
 * printer has chosen where to break, so the snapshot records the break direction rather than the
 * source's own layout. That is the point of the area: the source-gap printer a chain falls back to
 * reproduces the source's *spaces*, and a space never breaks, so before this area printer existed
 * every one of these stayed on one over-long line.
 *
 * The last section is the interesting half. \`#\` and the §2.7 indivisible set must not trail a line,
 * so their chains refuse to break at all and fall back to the long line — the comment on each
 * records which gate is blind to why.
 */

let arithmetic = alphaBetaGamma +
  deltaEpsilonZeta +
  etaThetaIota +
  kappaLambdaMu;

let mixedPrecedence = alphaBetaGamma +
  deltaEpsilonZeta *
  etaThetaIota -
  kappaLambdaMu;

let booleanChain = alphaBetaGamma and
  deltaEpsilonZeta or
  etaThetaIota and
  kappaLambdaMu;

let comparisonChain = alphaBetaGamma ==
  deltaEpsilonZeta or
  etaThetaIota <
  kappaLambdaMu;

// A chain that fits stays flat, because \`line\` flattens to a single space and the flat form is
// exactly the source's own spacing. This is the half that the runtime guard can see.
let short = a + b + c;

// A one-operator chain still breaks: \`dao.mo\` in the corpus is the counter-example that removed
// the first draft's two-operator minimum.
let single = proposal_submission_deposit_e8s +
  system_params_reserve_e8s_plus_more;

// \`|>\` breaks *before* each operator, the opposite direction to every chain above.
let pipeline = [1, 2, 3]
  |> Array.map(func(x : Nat) : Nat { x + 1 })
  |> Array.filter(func x { x > 1 })
  |> Array.size;

// A comment inside a \`bin_op\` is not flattenable, so the whole chain falls back to the source-gap
// printer rather than being printed with the comment dropped.
let withComment = alphaBetaGamma + // keep me
    deltaEpsilonZeta;

// \`#\` must not end a line: a tight \`#\` is a variant tag and a spaced \`#\` is concatenation, so a
// break beside it is a role change. moc 1.16.0 accepts the break, and tree-sitter reports SAME for
// all three spellings, so only the printer can refuse it — the line stays long on purpose.
let concatStaysLong = alphaBetaGammaDelta # deltaEpsilonZetaEta # thetaIotaKappaLambda;

// §2.7: a shift is one token, so it never trails a line either — same refusal, same reason.
let shiftStaysLong = aaaaaaaabbbbbbbb >> ccccccccdddddddd;
"
`;

exports[`format/expressions/member-chains.mo > prints as snapshotted 1`] = `
"/**
 * Member chains: which link owns the break, and the two spines this module refuses.
 *
 * \`docs/style.md\` §"Member chains" asks for one \`.\`-link per line, broken **before** the \`.\`, once a
 * chain does not fit — the same shape and direction the \`|>\` pipeline rule uses. The source-gap
 * printer this area replaced could not produce it, and its failure was worse than a long line: a call
 * link's own \`par_exp\` is a breakable list, so it was the only break candidate under the node and the
 * chain broke *inside* the argument list instead. \`breakAtArguments\` is that shape as a single call,
 * and \`defectCase\` is the one that moved a break to the wrong side of a \`.\`.
 *
 * Every case is written in the spelling least like the answer, so the snapshot records the printer's
 * decision rather than the source's layout. The last section is the interesting half: \`chain.ts\`
 * refuses a receiver that is itself a call, and *composes* with a number projection, and the two are
 * different outcomes for a reason the header of \`src/printer/chain.ts\` spells out.
 *
 * ## Why every case is \`let x = <chain>;\`
 *
 * A bare expression statement would be an \`exp_dec\`, and its own \`;\` is a source-file-level sibling
 * rather than part of the chain — so a chain printed as a declaration adds a token this fixture would
 * then be asserting. Binding it with \`let\` keeps the chain the only thing under test.
 */

// The style guide's own worked example, written flat: seven calls, seven links, far over
// \`printWidth\`. Every \`.\` takes a line at one indent level, and the receiver stays on the \`let\` line.
let workedExample = x
  .repeat(50)
  .repeat(50)
  .repeat(50)
  .repeat(50)
  .repeat(50)
  .repeat(50)
  .repeat(50);

// The old test from \`tests/legacy/formatter.test.ts\`, which is the only concrete evidence for the
// threshold and is why it is a count of *links* and not of calls: these are two dots and **no calls
// at all**, and both break. A threshold of "more than two calls" would refuse the very case
// \`docs/style.md\`'s ruling cites, which is the trap the header documents.
let twoDotsNoCalls = xxxxxxxxxxxxxxxxxxxxxxxxxxxxxxxxxxxxxxxxxxxxxxxxxx
  .xxxxxxxxxxxxxxxxxxxxxxxxxxxxxxxxxxxxxxxxxxxxxxxxxx
  .xxxxxxxxxxxxxxxxxxxxxxxxxxxxxxxxxxxxxxxxxxxxxxxxxx;

// The defect this area exists for. Before the chain printer, the source-gap fallback found the
// \`par_exp\` under \`.someVeryLong…(aLongArgumentHere)\` — the only break candidate — and produced
// \`).bar(\\n  1\\n)\`: a break between a call and the argument list that *follows* it, which is neither
// shape the rule allows. Now the break belongs to each \`.\` and the field link takes a line of its own.
let defectCase = x
  .field
  .someVeryLongFunctionNameThatIsQuiteLongIndeed(aLongArgumentHere)
  .bar(1);

// Two calls, which the rule's prose reads as "two or fewer" and therefore exempt: it says such a
// chain "breaks at the arguments instead". Written flat and over \`printWidth\`, this printer still
// lays it out one link per line, and the snapshot records that on purpose — the prose's count is not
// the threshold, \`twoDotsNoCalls\` is. See the header for why the weaker reading wins.
let twoCalls = someLongReceiverNameHere
  .alphaBetaGammaDelta(someLongArgumentName)
  .epsilonZetaEtaTheta(1);

// A field-only chain: no \`call_exp\` link at all, and the *same* spine walk — \`children[0]\` bottoms out
// on a \`var_exp\` here and on a \`call_exp\` in \`workedExample\`, which is why the receiver is stored
// whole and handed to the shared printer rather than reconstructed.
let fieldOnly = someVeryLongReceiverNameHere
  .alphaBetaGammaDelta
  .epsilonZetaEtaTheta
  .iotaKappaLambdaMu;

// Below the floor: one link, so there is no chain rule to apply and no break to make. It fits, so the
// flat form — which is the source's own text character for character — is the fixed point.
let shortChain = x.foo(a).bar(b);

// The style guide's counter-example: "A chain with two or fewer calls does not use the chain rule at
// all, even when it overflows \`printWidth\`: it breaks at the arguments instead." This is one call, so
// the module never sees it and the \`par_exp\` breaks itself — the layout the rule asks for.
let breakAtArguments = xs.map(func (x : Nat) : Nat { return x + 1; });

// A chain that fits stays flat, including one with a break in the source before the \`.\`: the printed
// form is the source's own text with the gap dropped, so it is a fixed point.
let spacedSource = someLongReceiverNameHere
  .alphaBetaGammaDelta(a)
  .epsilonZetaEtaTheta(b);

// A receiver that is itself a call is refused — \`planChain\` leaves a link's name unfilled when a
// \`call_exp\`'s callee is not a \`dot_exp\`, and an unfilled name would print \`.undefined\`. Refusing puts
// the node back on the source-gap fallback, which is *correct* and merely unbroken; the fallback's
// recursion still reaches the receiver's \`par_exp\`, so \`f(\` takes its own break and the rest runs long.
let receiverIsACall = f(
  a
).alphaBetaGammaDelta().epsilonZetaEtaTheta().iotaKappaLambdaMuNuXiOmicronPiRho();

// A number projection is **not** refused, and the difference is worth recording. \`x.1\` is a
// \`proj_exp\`, not a \`dot_exp\`, and it sits at the *top* of the spine — so this module is called on the
// \`proj_exp\`, refuses it, and the fallback prints its children: the inner chain, which this module
// *does* own, and then the projection glued to it. The last link therefore reads \`.epsilonZetaEtaTheta.1\`
// with no break before the \`.1\`, and that is the fallback's decision rather than this module's.
let projected = someVeryLongReceiverNameHere
  .alphaBetaGammaDelta(aLongArgument)
  .epsilonZetaEtaTheta.1;

// A chain nested inside an argument sits inside a link's own \`par_exp\` and does not disturb the spine,
// so the outer chain's break and the argument's break are independent.
let nestedInArgument = outerFunction(
  innerObject.someLongMethodName(anotherArgument).andAnotherMethod(1)
).call();

// An \`array_idx_exp\` head: the walk bottoms out on the index rather than a \`var_exp\`, which is the
// point of terminating on an unknown *kind* instead of asserting a receiver shape.
let indexedHead = someLongArrayNameHere[0]
  .alphaBetaGammaDelta(a)
  .epsilonZetaEtaTheta(b)
  .iotaKappaL(1);
"
`;

exports[`format/imports/comment-in-section.mo > prints as snapshotted 1`] = `
"/// Comments belong to the import section, not to the code below it. The header comment above the
/// imports and the note glued to the last one are both part of "the imports", so the blank goes
/// before \`actor\` — and *not* before the commented-out import in the middle, which is the case that
/// distinguishes "the section is the leading run of imports and comments" from "the section ends at
/// the first thing that is not an import".
//
// The commented-out third import is the point of this file; do not "fix" it.
import A "A";
// import B "B";
import C "C";

actor {};

// A note that the source separated from the section with a blank line of its own. That blank is
// the author's, and the rule keeps it — the section's blank is not added on top of it.
object Tail { public let x = 1; };
"
`;

exports[`format/imports/extra-blanks.mo > prints as snapshotted 1`] = `
"/// The import section, already canonical, with a blank line inside the run and two after it. Both
/// collapse to one: the section's own blank goes where \`docs/style.md:114-130\` puts it, and the
/// ordinary "at most one blank" rule handles the rest.
import A "A";

import { B; C } "BC";

actor {};
"
`;

exports[`format/imports/glued-section.mo > prints as snapshotted 1`] = `
"/// The import section, glued: the source wrote no blank line after the last import, and the rule
/// wants exactly one. This is the case the printer *invents* a blank for, and the one that makes
/// the rule an exception to "a blank line is never invented" (\`docs/style.md:114-130\`).
import A "A";
import B "B";

actor {};
"
`;

exports[`format/imports/no-imports.mo > prints as snapshotted 1`] = `
"/// A file with no imports at all: the rule asks for no leading blank line, and a leading one in the
/// source is dropped by the ordinary blank-line rule rather than kept. The contrast with
/// \`glued-section.mo\` is the whole assertion — this file's first line is a declaration, not an
/// import, so nothing is invented.
let x = 1;

let y = 2;
"
`;

exports[`format/obj-actors/object-expressions.mo > prints as snapshotted 1`] = `
"// Object, module, actor and class bodies, and the anonymous \`object { ... }\` / \`actor { ... }\`
// expressions. \`obj_body\` recurses, so each nesting level is deliberate.
//
// A plain \`actor { ... }\` declaration is \`obj_dec\` + \`obj_body\`, NOT \`actor_exp\`; \`actor_exp\` is
// only reachable when the operand is a non-body expression (\`actor (x)\`, \`actor "aaaa-aa"\`).
// \`system_exp\` is only reachable as a \`system func\` inside a body. Neither is a \`{}\` list.
let anon = object { public let x = 1; public func f() : Nat { 1 } };
let anonEmpty = object {};
let actorExp = actor {
  public func f() : Nat { 1 };
  public func g() : Nat { 2 };
};
let annotated = actor : actor { f : () -> async Nat } {
  public func f() : async Nat { 1 };
};
module Inner { public let g = 1 };
object Named { public func h() : Nat { 1 } };
class Klass(x : Nat) { public let v = x; public func get() : Nat { v } };
shared actor class Boxed<T>(init : T) {
  public var value = init;
  public func set(v : T) : () { value := v };
};
let mix = mixin (y : Nat) { public let m = y };
actor Palindrome {};
"
`;

exports[`format/obj-actors/object-patterns-and-fields.mo > prints as snapshotted 1`] = `
"// \`obj_pat\` and the four field token shapes that every body above is made of: \`dec_field\`
// attaches a visibility/stability to a declaration, \`exp_field\` carries the mutable \`var\` and
// the rename form, \`val_tf\`/\`func_tf\`/\`typ_tf\` are the object-type fields, and \`val_pat_field\`
// is the object-pattern field. (There is no \`var_tf\` kind: a mutable object-type field is a
// \`val_tf\` whose first token is \`var\`.)
//
// The record-literal and object-type inner spacing is left as the source wrote it — see
// \`docs/style.md\` conflict ruling 1, \`bracketSpacing\`, which is inert under \`preserve\`.
object Fields {
  public let a = 1;
  private let hidden = 0;
  public var b = 2;
  public let renamed = { newX = a; var y = b };
  public func method() : Nat { a };
};
func take({ x; y = renamed } : { x : Nat; y : Nat }) : Nat { x };
func annotated({ a : Nat } : { a : Nat }) : Nat { a };

// \`with\`-form records nest, and the nested base is itself a list that recurses.
let outer = { { p = 1 } with q = 2 };
"
`;

exports[`format/obj-actors/object-types.mo > prints as snapshotted 1`] = `
"// Object types (\`obj_typ\`), which the decision table puts in the plain \`semi_sep\` row, and
// \`variant_typ\`, which shares the braces and the \`;\` but is the \`semi_sep1\` row. Both are the
// same list contract in code: \`docs/style.md\` says the two rows "print identically", so the
// family is recorded for fidelity and nothing branches on it.
//
// \`wide\` is one line in the source and must break; the rest fit and stay flat.
type Simple = { x : Nat; y : Text };
type Method = { f : () -> async Nat };
type Mutable = { var x : Nat };
type TypeField = { type U = Nat; x : U };
type Nested = { inner : { deep : { x : Nat } } };
type WithParams = { f<A>(a : A) : A };
type Result = { #ok : Nat; #error : Text };
type Status = { #Active; #Inactive; #Banned : Text };
type Arrow = { x : Nat } -> Nat;
type Wide = {
  model : Text;
  plate : Text;
  isValid : Bool;
  wasStolen : Bool;
  expires : Nat
};
"
`;

exports[`format/obj-actors/record-literals.mo > prints as snapshotted 1`] = `
"// Records: the plain form, the shorthand, the mutable field, the rename.
//
// The input is deliberately not canonical, so the fixture shows the printer moving it:
// \`collapsed\` is broken in the source and fits on one line, \`wide\` is one line in the source
// and overflows \`printWidth\` so it must break. \`trailing\` pins the rule that a trailing \`;\`
// is reproduced from the source rather than invented or dropped.
let collapsed = { a = 1; b = 2; };
let shorthand = { a; b };
let renamed = { newX = x; y };
let mutable = { x = 1; var y = 2 };
let nested = { outer = { inner = { deep = 1 } } };
let wide = {
  alpha = 1;
  beta = 2;
  gamma = 3;
  delta = 4;
  epsilon = 5;
  zeta = 6;
  eta = 7
};
let trailing = { a = 1; };
"
`;

exports[`format/obj-actors/record-update.mo > prints as snapshotted 1`] = `
"// The \`... with ...\` record-literal form, which \`parts.ts:listOf\` resolves to \`semi_sep1\` by
// instance (the node carries a \`with\` token). The \`and\`-only form has no \`with\` and stays
// \`semi_sep\`. Both print identically under \`preserve\`, because the trailing separator is
// reproduced from the source rather than chosen by the family — the family is fidelity to the
// decision table, not a behaviour switch.
//
// The prelude words (\`and\`, \`with\`) are ordinary list items: \`parts.ts:isItem\` only excludes
// separators and delimiters, so they are printed in source order between the base expressions
// and the fields.
module M { public let u = 25; };
let a = { x = 1 };
let base = { b = 6 };
let andOnly = { a and M };
let withOnly = { base with x = 2 };
let andWith = { a and M with u = 1 };
let nestedBase = { { c = "C"; d = "D" } with a = 8; b = 6 };
let wide = {
  veryLongBaseNameHere
  with
  alpha = 1;
  beta = 2;
  gamma = 3;
  delta = 4;
  epsilon = 5
};
"
`;
